<!DOCTYPE html>
<html lang='ru' prefix='og: https://chiken/ch'>
<head>
<title>chicken chicken, CHIIIKEEEEN!!!</title>
  <p>CHIKEN?</p>
</head>
<body class='min-vh-100'>
  <div>Chicken-chiken</div>
  <img src="chiken.jpg">chicken</div>
  <img src="chiken.svg">chicken</div>
</body>
</html>