<!DOCTYPE html>
<html lang="ru">
    <head>
        <meta charset="utf-8">
        <title>Курсы по программированию Хекслет</title>
        <link rel="stylesheet" media="all" href="https://cdn2.hexlet.io/assets/menu.css">
        <link rel="stylesheet" media="all" href="/assets/application.css">
        <link rel="stylesheet" media="all" href="https://ru.hexlet.io/styles/application.css">
        <link href="/courses" rel="canonical">
    </head>
    <body>
        <img src="/assets/professions/nodejs.png" alt="картинка пнг">
        <img src="/assets/professions/nodejs.jpg" alt="картинка джэпэгэ">
        <h3>
            <a href="/professions/python">being a Python deveveloper</a>
        </h3>
        <script src="https://js.stripe.com/v3/"></script>
        <script src="https://ru.hexlet.io/packs/js/runtime.js"></script>
    </body>
</html>